>>> BaseGeometry = __import__('7-base_geometry').BaseGeometry

>>> bg = BaseGeometry()

>>> bg.integer_validator("my_int", 12)
>>> bg.integer_validator("width", 89)
>>> bg.integer_validator(55, 89)

>>> bg.integer_validator("name", "John")
Traceback (most recent call last):
    ...
TypeError: name must be an integer

>>> bg.integer_validator("name", 0)
Traceback (most recent call last):
    ...
ValueError: name must be greater than 0

>>> bg.integer_validator("distance", -4)
Traceback (most recent call last):
    ...
ValueError: distance must be greater than 0

>>> bg.integer_validator("distance", 4.2)
Traceback (most recent call last):
    ...
TypeError: distance must be an integer

>>> bg.integer_validator()
Traceback (most recent call last):
    ...
TypeError: integer_validator() missing 2 required positional arguments: 'name' and 'value'

>>> bg.integer_validator("hello")
Traceback (most recent call last):
    ...
TypeError: integer_validator() missing 1 required positional argument: 'value'

>>> bg.integer_validator("distance", [5, 4, 2])
Traceback (most recent call last):
    ...
TypeError: distance must be an integer

>>> bg.integer_validator("distance", True)
Traceback (most recent call last):
    ...
TypeError: distance must be an integer

>>> bg.integer_validator("distance", None)
Traceback (most recent call last):
    ...
TypeError: distance must be an integer

>>> bg.integer_validator("distance", {5, 4, 2})
Traceback (most recent call last):
    ...
TypeError: distance must be an integer

>>> bg.integer_validator("distance", {5, 4, 2})
Traceback (most recent call last):
    ...
TypeError: distance must be an integer

>>> bg.integer_validator("distance", {"a": 5, "b": 4, "c": 2})
Traceback (most recent call last):
    ...
TypeError: distance must be an integer

>>> bg.integer_validator("distance", 5, 16)
Traceback (most recent call last):
    ...
TypeError: integer_validator() takes 3 positional arguments but 4 were given

>>> bg.integer_validator("distance", object)
Traceback (most recent call last):
    ...
TypeError: distance must be an integer

>>> bg.area()
Traceback (most recent call last):
    ...
Exception: area() is not implemented

>>> bg.area("hello")
Traceback (most recent call last):
	...
TypeError: area() takes 1 positional argument but 2 were given
